
===========================================================================
 report_power
============================================================================
======================= Fastest Corner ===================================

Group                  Internal  Switching    Leakage      Total
                          Power      Power      Power      Power (Watts)
----------------------------------------------------------------
Sequential             6.16e-03   1.06e-03   1.86e-08   7.22e-03  31.9%
Combinational          7.63e-03   7.79e-03   1.45e-07   1.54e-02  68.1%
Macro                  0.00e+00   0.00e+00   0.00e+00   0.00e+00   0.0%
Pad                    0.00e+00   0.00e+00   0.00e+00   0.00e+00   0.0%
----------------------------------------------------------------
Total                  1.38e-02   8.85e-03   1.64e-07   2.26e-02 100.0%
                          60.9%      39.1%       0.0%

======================= Slowest Corner ===================================

Group                  Internal  Switching    Leakage      Total
                          Power      Power      Power      Power (Watts)
----------------------------------------------------------------
Sequential             4.15e-03   7.06e-04   1.76e-05   4.87e-03  31.4%
Combinational          5.47e-03   5.12e-03   6.25e-05   1.07e-02  68.6%
Macro                  0.00e+00   0.00e+00   0.00e+00   0.00e+00   0.0%
Pad                    0.00e+00   0.00e+00   0.00e+00   0.00e+00   0.0%
----------------------------------------------------------------
Total                  9.62e-03   5.82e-03   8.01e-05   1.55e-02 100.0%
                          62.0%      37.5%       0.5%

======================= Typical Corner ===================================

Group                  Internal  Switching    Leakage      Total
                          Power      Power      Power      Power (Watts)
----------------------------------------------------------------
Sequential             5.31e-03   8.98e-04   9.97e-09   6.21e-03  31.8%
Combinational          6.74e-03   6.57e-03   8.62e-08   1.33e-02  68.2%
Macro                  0.00e+00   0.00e+00   0.00e+00   0.00e+00   0.0%
Pad                    0.00e+00   0.00e+00   0.00e+00   0.00e+00   0.0%
----------------------------------------------------------------
Total                  1.21e-02   7.47e-03   9.62e-08   1.95e-02 100.0%
                          61.7%      38.3%       0.0%

