
===========================================================================
report_checks -unconstrained
===========================================================================
======================= Fastest Corner ===================================

Startpoint: load_weight (input port clocked by clk)
Endpoint: _23909_ (rising edge-triggered flip-flop clocked by clk)
Path Group: clk
Path Type: max
Corner: Fastest

Fanout     Cap    Slew   Delay    Time   Description
-----------------------------------------------------------------------------
                          0.00    0.00   clock clk (rise edge)
                          0.00    0.00   clock network delay (propagated)
                          2.00    2.00 v input external delay
                  0.02    0.01    2.01 v load_weight (in)
     1    0.01                           load_weight (net)
                  0.02    0.00    2.01 v input34/A (sky130_fd_sc_hd__buf_12)
                  0.03    0.09    2.10 v input34/X (sky130_fd_sc_hd__buf_12)
     4    0.04                           net34 (net)
                  0.03    0.00    2.10 v _14352_/A (sky130_fd_sc_hd__buf_8)
                  0.03    0.09    2.19 v _14352_/X (sky130_fd_sc_hd__buf_8)
     6    0.04                           _07059_ (net)
                  0.03    0.00    2.20 v rebuffer24/A (sky130_fd_sc_hd__buf_4)
                  0.03    0.10    2.30 v rebuffer24/X (sky130_fd_sc_hd__buf_4)
     3    0.01                           net206 (net)
                  0.03    0.00    2.30 v rebuffer26/A (sky130_fd_sc_hd__buf_6)
                  0.02    0.08    2.38 v rebuffer26/X (sky130_fd_sc_hd__buf_6)
     3    0.02                           net208 (net)
                  0.02    0.00    2.38 v _14358_/S (sky130_fd_sc_hd__mux2_4)
                  0.09    0.25    2.63 v _14358_/X (sky130_fd_sc_hd__mux2_4)
     8    0.05                           _07064_ (net)
                  0.09    0.00    2.64 v _14359_/A (sky130_fd_sc_hd__buf_4)
                  0.05    0.15    2.78 v _14359_/X (sky130_fd_sc_hd__buf_4)
    10    0.04                           _07065_ (net)
                  0.05    0.00    2.79 v _14600_/C (sky130_fd_sc_hd__or4_4)
                  0.06    0.31    3.10 v _14600_/X (sky130_fd_sc_hd__or4_4)
     3    0.01                           _07291_ (net)
                  0.06    0.00    3.10 v _14603_/C (sky130_fd_sc_hd__nand4_1)
                  0.09    0.11    3.21 ^ _14603_/Y (sky130_fd_sc_hd__nand4_1)
     2    0.01                           _07294_ (net)
                  0.09    0.00    3.21 ^ _14605_/A (sky130_fd_sc_hd__nand2_2)
                  0.06    0.06    3.27 v _14605_/Y (sky130_fd_sc_hd__nand2_2)
     2    0.02                           _07296_ (net)
                  0.06    0.00    3.27 v _14607_/A (sky130_fd_sc_hd__xor2_2)
                  0.06    0.14    3.41 v _14607_/X (sky130_fd_sc_hd__xor2_2)
     2    0.01                           _07298_ (net)
                  0.06    0.00    3.41 v _14637_/B (sky130_fd_sc_hd__and2_1)
                  0.04    0.12    3.53 v _14637_/X (sky130_fd_sc_hd__and2_1)
     2    0.01                           _07327_ (net)
                  0.04    0.00    3.53 v _14653_/B (sky130_fd_sc_hd__or3_1)
                  0.07    0.24    3.77 v _14653_/X (sky130_fd_sc_hd__or3_1)
     2    0.01                           _07343_ (net)
                  0.07    0.00    3.77 v _14655_/A2 (sky130_fd_sc_hd__a21o_1)
                  0.02    0.12    3.89 v _14655_/X (sky130_fd_sc_hd__a21o_1)
     1    0.00                           _07345_ (net)
                  0.02    0.00    3.89 v _14656_/B (sky130_fd_sc_hd__and2_2)
                  0.05    0.15    4.05 v _14656_/X (sky130_fd_sc_hd__and2_2)
     2    0.02                           _07346_ (net)
                  0.05    0.00    4.05 v _14659_/A (sky130_fd_sc_hd__xnor2_4)
                  0.06    0.12    4.17 v _14659_/Y (sky130_fd_sc_hd__xnor2_4)
     2    0.02                           _07349_ (net)
                  0.06    0.00    4.17 v _14673_/A (sky130_fd_sc_hd__or2b_4)
                  0.04    0.18    4.35 v _14673_/X (sky130_fd_sc_hd__or2b_4)
     3    0.01                           _07362_ (net)
                  0.04    0.00    4.35 v _14707_/A2 (sky130_fd_sc_hd__a211oi_2)
                  0.21    0.23    4.58 ^ _14707_/Y (sky130_fd_sc_hd__a211oi_2)
     3    0.01                           _07396_ (net)
                  0.21    0.00    4.58 ^ _14749_/A (sky130_fd_sc_hd__xnor2_1)
                  0.11    0.10    4.68 ^ _14749_/Y (sky130_fd_sc_hd__xnor2_1)
     2    0.00                           _07437_ (net)
                  0.11    0.00    4.68 ^ _14754_/A_N (sky130_fd_sc_hd__and2b_1)
                  0.03    0.12    4.80 v _14754_/X (sky130_fd_sc_hd__and2b_1)
     1    0.00                           _07441_ (net)
                  0.03    0.00    4.80 v _14757_/A2 (sky130_fd_sc_hd__a21o_1)
                  0.04    0.13    4.93 v _14757_/X (sky130_fd_sc_hd__a21o_1)
     3    0.01                           _07444_ (net)
                  0.04    0.00    4.93 v _14867_/A1 (sky130_fd_sc_hd__a31o_1)
                  0.05    0.14    5.07 v _14867_/X (sky130_fd_sc_hd__a31o_1)
     4    0.01                           _07552_ (net)
                  0.05    0.00    5.07 v _14895_/B (sky130_fd_sc_hd__and3_1)
                  0.02    0.11    5.18 v _14895_/X (sky130_fd_sc_hd__and3_1)
     1    0.00                           _07578_ (net)
                  0.02    0.00    5.18 v _14909_/A_N (sky130_fd_sc_hd__and4b_2)
                  0.19    0.29    5.47 ^ _14909_/X (sky130_fd_sc_hd__and4b_2)
     2    0.05                           _07592_ (net)
                  0.19    0.00    5.47 ^ _14910_/A (sky130_fd_sc_hd__buf_6)
                  0.05    0.10    5.57 ^ _14910_/X (sky130_fd_sc_hd__buf_6)
     6    0.03                           _07593_ (net)
                  0.05    0.00    5.57 ^ split47/A (sky130_fd_sc_hd__clkbuf_2)
                  0.09    0.12    5.70 ^ split47/X (sky130_fd_sc_hd__clkbuf_2)
     5    0.02                           net229 (net)
                  0.09    0.00    5.70 ^ _14919_/A1 (sky130_fd_sc_hd__o21a_1)
                  0.03    0.08    5.78 ^ _14919_/X (sky130_fd_sc_hd__o21a_1)
     1    0.00                           _00442_ (net)
                  0.03    0.00    5.78 ^ _23909_/D (sky130_fd_sc_hd__dfxtp_1)
                                  5.78   data arrival time

                         10.00   10.00   clock clk (rise edge)
                          0.00   10.00   clock source latency
                  0.29    0.19   10.19 ^ clk (in)
     2    0.08                           clk (net)
                  0.29    0.00   10.19 ^ clkbuf_0_clk/A (sky130_fd_sc_hd__clkbuf_16)
                  0.11    0.18   10.38 ^ clkbuf_0_clk/X (sky130_fd_sc_hd__clkbuf_16)
     4    0.13                           clknet_0_clk (net)
                  0.11    0.00   10.38 ^ clkbuf_2_1_0_clk/A (sky130_fd_sc_hd__clkbuf_8)
                  0.11    0.15   10.53 ^ clkbuf_2_1_0_clk/X (sky130_fd_sc_hd__clkbuf_8)
     4    0.08                           clknet_2_1_0_clk (net)
                  0.11    0.00   10.53 ^ clkbuf_4_7__f_clk/A (sky130_fd_sc_hd__clkbuf_16)
                  0.11    0.15   10.69 ^ clkbuf_4_7__f_clk/X (sky130_fd_sc_hd__clkbuf_16)
    10    0.13                           clknet_4_7__leaf_clk (net)
                  0.11    0.01   10.69 ^ clkbuf_leaf_36_clk/A (sky130_fd_sc_hd__clkbuf_16)
                  0.03    0.10   10.79 ^ clkbuf_leaf_36_clk/X (sky130_fd_sc_hd__clkbuf_16)
     4    0.01                           clknet_leaf_36_clk (net)
                  0.03    0.00   10.79 ^ _23909_/CLK (sky130_fd_sc_hd__dfxtp_1)
                         -0.25   10.54   clock uncertainty
                          0.00   10.54   clock reconvergence pessimism
                         -0.03   10.51   library setup time
                                 10.51   data required time
-----------------------------------------------------------------------------
                                 10.51   data required time
                                 -5.78   data arrival time
-----------------------------------------------------------------------------
                                  4.73   slack (MET)



======================= Slowest Corner ===================================

Startpoint: _24236_ (rising edge-triggered flip-flop clocked by clk)
Endpoint: _24272_ (rising edge-triggered flip-flop clocked by clk)
Path Group: clk
Path Type: max
Corner: Slowest

Fanout     Cap    Slew   Delay    Time   Description
-----------------------------------------------------------------------------
                          0.00    0.00   clock clk (rise edge)
                          0.00    0.00   clock source latency
                  0.61    0.45    0.45 ^ clk (in)
     2    0.09                           clk (net)
                  0.61    0.00    0.45 ^ clkbuf_0_clk/A (sky130_fd_sc_hd__clkbuf_16)
                  0.22    0.61    1.06 ^ clkbuf_0_clk/X (sky130_fd_sc_hd__clkbuf_16)
     4    0.13                           clknet_0_clk (net)
                  0.22    0.00    1.06 ^ clkbuf_2_0_0_clk/A (sky130_fd_sc_hd__clkbuf_8)
                  0.24    0.46    1.52 ^ clkbuf_2_0_0_clk/X (sky130_fd_sc_hd__clkbuf_8)
     4    0.09                           clknet_2_0_0_clk (net)
                  0.24    0.00    1.52 ^ clkbuf_4_3__f_clk/A (sky130_fd_sc_hd__clkbuf_16)
                  0.25    0.47    1.99 ^ clkbuf_4_3__f_clk/X (sky130_fd_sc_hd__clkbuf_16)
    11    0.15                           clknet_4_3__leaf_clk (net)
                  0.25    0.00    1.99 ^ clkbuf_leaf_113_clk/A (sky130_fd_sc_hd__clkbuf_16)
                  0.09    0.34    2.33 ^ clkbuf_leaf_113_clk/X (sky130_fd_sc_hd__clkbuf_16)
    12    0.03                           clknet_leaf_113_clk (net)
                  0.09    0.00    2.33 ^ _24236_/CLK (sky130_fd_sc_hd__dfxtp_4)
                  0.23    0.88    3.21 ^ _24236_/Q (sky130_fd_sc_hd__dfxtp_4)
    10    0.05                           top_inst.grid_inst.rows[3].cols[1].pe_inst.weight_reg[3] (net)
                  0.23    0.00    3.21 ^ _20215_/A (sky130_fd_sc_hd__buf_4)
                  0.21    0.40    3.61 ^ _20215_/X (sky130_fd_sc_hd__buf_4)
    10    0.04                           _02013_ (net)
                  0.21    0.00    3.61 ^ _20364_/C (sky130_fd_sc_hd__nand4_2)
                  0.24    0.33    3.94 v _20364_/Y (sky130_fd_sc_hd__nand4_2)
     3    0.01                           _02151_ (net)
                  0.24    0.00    3.94 v _20366_/A2 (sky130_fd_sc_hd__a21o_1)
                  0.09    0.44    4.38 v _20366_/X (sky130_fd_sc_hd__a21o_1)
     2    0.01                           _02153_ (net)
                  0.09    0.00    4.38 v _20369_/A2 (sky130_fd_sc_hd__a21o_1)
                  0.14    0.43    4.80 v _20369_/X (sky130_fd_sc_hd__a21o_1)
     3    0.01                           _02156_ (net)
                  0.14    0.00    4.80 v _20415_/A2 (sky130_fd_sc_hd__a21bo_1)
                  0.08    0.40    5.20 v _20415_/X (sky130_fd_sc_hd__a21bo_1)
     2    0.00                           _02201_ (net)
                  0.08    0.00    5.21 v _20416_/C (sky130_fd_sc_hd__and3_1)
                  0.17    0.49    5.70 v _20416_/X (sky130_fd_sc_hd__and3_1)
     5    0.02                           _02202_ (net)
                  0.17    0.00    5.70 v _20418_/B (sky130_fd_sc_hd__or3_1)
                  0.19    0.96    6.65 v _20418_/X (sky130_fd_sc_hd__or3_1)
     2    0.01                           _02204_ (net)
                  0.19    0.00    6.65 v _20421_/A1 (sky130_fd_sc_hd__a211o_1)
                  0.13    0.62    7.27 v _20421_/X (sky130_fd_sc_hd__a211o_1)
     2    0.01                           _02207_ (net)
                  0.13    0.00    7.27 v _20423_/A2 (sky130_fd_sc_hd__a211o_1)
                  0.14    0.65    7.93 v _20423_/X (sky130_fd_sc_hd__a211o_1)
     2    0.01                           _02209_ (net)
                  0.14    0.00    7.93 v _20425_/A2 (sky130_fd_sc_hd__a211o_1)
                  0.13    0.64    8.57 v _20425_/X (sky130_fd_sc_hd__a211o_1)
     3    0.01                           _02211_ (net)
                  0.13    0.00    8.57 v _20426_/C (sky130_fd_sc_hd__and3_1)
                  0.09    0.43    9.00 v _20426_/X (sky130_fd_sc_hd__and3_1)
     2    0.01                           _02212_ (net)
                  0.09    0.00    9.00 v _20430_/A (sky130_fd_sc_hd__or3b_1)
                  0.18    0.96    9.97 v _20430_/X (sky130_fd_sc_hd__or3b_1)
     2    0.01                           _02216_ (net)
                  0.18    0.00    9.97 v _20435_/C1 (sky130_fd_sc_hd__o221a_1)
                  0.15    0.34   10.31 v _20435_/X (sky130_fd_sc_hd__o221a_1)
     2    0.01                           _02220_ (net)
                  0.15    0.00   10.31 v _20607_/A2 (sky130_fd_sc_hd__o41a_1)
                  0.22    0.98   11.29 v _20607_/X (sky130_fd_sc_hd__o41a_1)
     2    0.01                           _02388_ (net)
                  0.22    0.00   11.29 v _20761_/A2 (sky130_fd_sc_hd__a21oi_2)
                  0.20    0.34   11.63 ^ _20761_/Y (sky130_fd_sc_hd__a21oi_2)
     2    0.01                           _02538_ (net)
                  0.20    0.00   11.63 ^ _20943_/A1 (sky130_fd_sc_hd__o311a_1)
                  0.22    0.54   12.17 ^ _20943_/X (sky130_fd_sc_hd__o311a_1)
     2    0.01                           _02712_ (net)
                  0.22    0.00   12.17 ^ _21042_/A2 (sky130_fd_sc_hd__o31ai_2)
                  0.12    0.21   12.39 v _21042_/Y (sky130_fd_sc_hd__o31ai_2)
     2    0.01                           _02807_ (net)
                  0.12    0.00   12.39 v _21062_/A1 (sky130_fd_sc_hd__a21oi_2)
                  0.45    0.48   12.87 ^ _21062_/Y (sky130_fd_sc_hd__a21oi_2)
     4    0.02                           _02827_ (net)
                  0.45    0.00   12.87 ^ _21086_/A (sky130_fd_sc_hd__nor2_1)
                  0.13    0.26   13.14 v _21086_/Y (sky130_fd_sc_hd__nor2_1)
     1    0.01                           _02849_ (net)
                  0.13    0.00   13.14 v _21087_/B1 (sky130_fd_sc_hd__o21a_1)
                  0.12    0.28   13.41 v _21087_/X (sky130_fd_sc_hd__o21a_1)
     2    0.01                           _02850_ (net)
                  0.12    0.00   13.41 v _21098_/A (sky130_fd_sc_hd__xnor2_1)
                  0.10    0.26   13.67 v _21098_/Y (sky130_fd_sc_hd__xnor2_1)
     1    0.00                           _02860_ (net)
                  0.10    0.00   13.67 v _21100_/A2 (sky130_fd_sc_hd__a211oi_1)
                  0.30    0.41   14.08 ^ _21100_/Y (sky130_fd_sc_hd__a211oi_1)
     1    0.00                           _00805_ (net)
                  0.30    0.00   14.08 ^ _24272_/D (sky130_fd_sc_hd__dfxtp_1)
                                 14.08   data arrival time

                         10.00   10.00   clock clk (rise edge)
                          0.00   10.00   clock source latency
                  0.61    0.41   10.41 ^ clk (in)
     2    0.09                           clk (net)
                  0.61    0.00   10.41 ^ clkbuf_0_clk/A (sky130_fd_sc_hd__clkbuf_16)
                  0.22    0.55   10.96 ^ clkbuf_0_clk/X (sky130_fd_sc_hd__clkbuf_16)
     4    0.13                           clknet_0_clk (net)
                  0.22    0.00   10.96 ^ clkbuf_2_2_0_clk/A (sky130_fd_sc_hd__clkbuf_8)
                  0.21    0.39   11.35 ^ clkbuf_2_2_0_clk/X (sky130_fd_sc_hd__clkbuf_8)
     4    0.07                           clknet_2_2_0_clk (net)
                  0.21    0.00   11.35 ^ clkbuf_4_8__f_clk/A (sky130_fd_sc_hd__clkbuf_16)
                  0.19    0.37   11.72 ^ clkbuf_4_8__f_clk/X (sky130_fd_sc_hd__clkbuf_16)
     8    0.11                           clknet_4_8__leaf_clk (net)
                  0.19    0.00   11.72 ^ clkbuf_leaf_97_clk/A (sky130_fd_sc_hd__clkbuf_16)
                  0.07    0.26   11.98 ^ clkbuf_leaf_97_clk/X (sky130_fd_sc_hd__clkbuf_16)
     6    0.02                           clknet_leaf_97_clk (net)
                  0.07    0.00   11.98 ^ _24272_/CLK (sky130_fd_sc_hd__dfxtp_1)
                         -0.25   11.73   clock uncertainty
                          0.10   11.83   clock reconvergence pessimism
                         -0.19   11.65   library setup time
                                 11.65   data required time
-----------------------------------------------------------------------------
                                 11.65   data required time
                                -14.08   data arrival time
-----------------------------------------------------------------------------
                                 -2.44   slack (VIOLATED)



======================= Typical Corner ===================================

Startpoint: load_weight (input port clocked by clk)
Endpoint: _24054_ (rising edge-triggered flip-flop clocked by clk)
Path Group: clk
Path Type: max
Corner: Typical

Fanout     Cap    Slew   Delay    Time   Description
-----------------------------------------------------------------------------
                          0.00    0.00   clock clk (rise edge)
                          0.00    0.00   clock network delay (propagated)
                          2.00    2.00 ^ input external delay
                  0.05    0.04    2.04 ^ load_weight (in)
     1    0.01                           load_weight (net)
                  0.05    0.00    2.04 ^ input34/A (sky130_fd_sc_hd__buf_12)
                  0.06    0.12    2.16 ^ input34/X (sky130_fd_sc_hd__buf_12)
     4    0.04                           net34 (net)
                  0.06    0.00    2.17 ^ _12438_/A (sky130_fd_sc_hd__buf_8)
                  0.06    0.12    2.29 ^ _12438_/X (sky130_fd_sc_hd__buf_8)
     6    0.03                           _05265_ (net)
                  0.06    0.00    2.29 ^ rebuffer4/A (sky130_fd_sc_hd__clkbuf_2)
                  0.08    0.15    2.44 ^ rebuffer4/X (sky130_fd_sc_hd__clkbuf_2)
     2    0.01                           net186 (net)
                  0.08    0.00    2.44 ^ _12439_/A (sky130_fd_sc_hd__buf_6)
                  0.05    0.13    2.56 ^ _12439_/X (sky130_fd_sc_hd__buf_6)
     3    0.02                           _05266_ (net)
                  0.05    0.00    2.56 ^ _16647_/S (sky130_fd_sc_hd__mux2_4)
                  0.08    0.36    2.92 v _16647_/X (sky130_fd_sc_hd__mux2_4)
     6    0.03                           _09214_ (net)
                  0.08    0.00    2.92 v rebuffer21/A (sky130_fd_sc_hd__buf_6)
                  0.03    0.15    3.07 v rebuffer21/X (sky130_fd_sc_hd__buf_6)
     4    0.02                           net203 (net)
                  0.03    0.00    3.07 v _16952_/A2 (sky130_fd_sc_hd__a22o_1)
                  0.06    0.25    3.32 v _16952_/X (sky130_fd_sc_hd__a22o_1)
     2    0.01                           _09507_ (net)
                  0.06    0.00    3.32 v _16953_/B1_N (sky130_fd_sc_hd__a21bo_1)
                  0.09    0.23    3.55 ^ _16953_/X (sky130_fd_sc_hd__a21bo_1)
     1    0.01                           _09508_ (net)
                  0.09    0.00    3.55 ^ _16954_/B (sky130_fd_sc_hd__xor2_2)
                  0.16    0.19    3.74 ^ _16954_/X (sky130_fd_sc_hd__xor2_2)
     3    0.01                           _09509_ (net)
                  0.16    0.00    3.74 ^ _16964_/B1 (sky130_fd_sc_hd__a21o_1)
                  0.07    0.13    3.87 ^ _16964_/X (sky130_fd_sc_hd__a21o_1)
     2    0.01                           _09519_ (net)
                  0.07    0.00    3.87 ^ rebuffer19/A (sky130_fd_sc_hd__clkbuf_1)
                  0.12    0.15    4.02 ^ rebuffer19/X (sky130_fd_sc_hd__clkbuf_1)
     1    0.01                           net201 (net)
                  0.12    0.00    4.02 ^ _16966_/B (sky130_fd_sc_hd__nand3_4)
                  0.08    0.11    4.13 v _16966_/Y (sky130_fd_sc_hd__nand3_4)
     5    0.02                           _09521_ (net)
                  0.08    0.00    4.13 v _16968_/B (sky130_fd_sc_hd__and3_1)
                  0.06    0.21    4.34 v _16968_/X (sky130_fd_sc_hd__and3_1)
     2    0.01                           _09523_ (net)
                  0.06    0.00    4.34 v _16970_/B1 (sky130_fd_sc_hd__a211o_1)
                  0.07    0.31    4.65 v _16970_/X (sky130_fd_sc_hd__a211o_1)
     3    0.01                           _09525_ (net)
                  0.07    0.00    4.65 v _16972_/B (sky130_fd_sc_hd__and3_1)
                  0.06    0.20    4.85 v _16972_/X (sky130_fd_sc_hd__and3_1)
     2    0.01                           _09527_ (net)
                  0.06    0.00    4.85 v _16975_/A1 (sky130_fd_sc_hd__o211a_1)
                  0.04    0.24    5.09 v _16975_/X (sky130_fd_sc_hd__o211a_1)
     1    0.00                           _09530_ (net)
                  0.04    0.00    5.09 v _16976_/B (sky130_fd_sc_hd__or2_4)
                  0.05    0.25    5.34 v _16976_/X (sky130_fd_sc_hd__or2_4)
     2    0.01                           _09531_ (net)
                  0.05    0.00    5.34 v _16977_/B (sky130_fd_sc_hd__xnor2_2)
                  0.07    0.16    5.49 v _16977_/Y (sky130_fd_sc_hd__xnor2_2)
     4    0.01                           _09532_ (net)
                  0.07    0.00    5.49 v _17027_/C (sky130_fd_sc_hd__or4b_4)
                  0.09    0.52    6.01 v _17027_/X (sky130_fd_sc_hd__or4b_4)
     1    0.01                           _09580_ (net)
                  0.09    0.00    6.01 v _17030_/B1 (sky130_fd_sc_hd__o221a_4)
                  0.07    0.30    6.31 v _17030_/X (sky130_fd_sc_hd__o221a_4)
     4    0.02                           _09583_ (net)
                  0.07    0.00    6.31 v _17172_/A1 (sky130_fd_sc_hd__o311a_4)
                  0.09    0.45    6.76 v _17172_/X (sky130_fd_sc_hd__o311a_4)
     5    0.03                           _09721_ (net)
                  0.09    0.00    6.76 v _17351_/A1 (sky130_fd_sc_hd__o31ai_4)
                  0.28    0.35    7.11 ^ _17351_/Y (sky130_fd_sc_hd__o31ai_4)
     4    0.02                           _09892_ (net)
                  0.28    0.00    7.11 ^ _17453_/A1 (sky130_fd_sc_hd__a21oi_2)
                  0.09    0.12    7.24 v _17453_/Y (sky130_fd_sc_hd__a21oi_2)
     3    0.01                           _09990_ (net)
                  0.09    0.00    7.24 v _17474_/A (sky130_fd_sc_hd__and4_1)
                  0.05    0.19    7.42 v _17474_/X (sky130_fd_sc_hd__and4_1)
     2    0.01                           _10010_ (net)
                  0.05    0.00    7.43 v _17477_/A1 (sky130_fd_sc_hd__mux2_2)
                  0.05    0.28    7.71 v _17477_/X (sky130_fd_sc_hd__mux2_2)
     1    0.00                           _10012_ (net)
                  0.05    0.00    7.71 v _17478_/B (sky130_fd_sc_hd__and2_4)
                  0.03    0.16    7.87 v _17478_/X (sky130_fd_sc_hd__and2_4)
     1    0.00                           _10013_ (net)
                  0.03    0.00    7.87 v _17479_/A (sky130_fd_sc_hd__clkbuf_1)
                  0.03    0.09    7.95 v _17479_/X (sky130_fd_sc_hd__clkbuf_1)
     1    0.00                           _00587_ (net)
                  0.03    0.00    7.95 v _24054_/D (sky130_fd_sc_hd__dfxtp_1)
                                  7.95   data arrival time

                         10.00   10.00   clock clk (rise edge)
                          0.00   10.00   clock source latency
                  0.39    0.25   10.25 ^ clk (in)
     2    0.08                           clk (net)
                  0.39    0.00   10.25 ^ clkbuf_0_clk/A (sky130_fd_sc_hd__clkbuf_16)
                  0.15    0.29   10.54 ^ clkbuf_0_clk/X (sky130_fd_sc_hd__clkbuf_16)
     4    0.13                           clknet_0_clk (net)
                  0.15    0.00   10.55 ^ clkbuf_2_1_0_clk/A (sky130_fd_sc_hd__clkbuf_8)
                  0.14    0.23   10.77 ^ clkbuf_2_1_0_clk/X (sky130_fd_sc_hd__clkbuf_8)
     4    0.08                           clknet_2_1_0_clk (net)
                  0.14    0.00   10.77 ^ clkbuf_4_7__f_clk/A (sky130_fd_sc_hd__clkbuf_16)
                  0.14    0.22   11.00 ^ clkbuf_4_7__f_clk/X (sky130_fd_sc_hd__clkbuf_16)
    10    0.12                           clknet_4_7__leaf_clk (net)
                  0.14    0.00   11.00 ^ clkbuf_leaf_34_clk/A (sky130_fd_sc_hd__clkbuf_16)
                  0.05    0.16   11.16 ^ clkbuf_leaf_34_clk/X (sky130_fd_sc_hd__clkbuf_16)
     9    0.03                           clknet_leaf_34_clk (net)
                  0.05    0.00   11.16 ^ _24054_/CLK (sky130_fd_sc_hd__dfxtp_1)
                         -0.25   10.91   clock uncertainty
                          0.00   10.91   clock reconvergence pessimism
                         -0.10   10.80   library setup time
                                 10.80   data required time
-----------------------------------------------------------------------------
                                 10.80   data required time
                                 -7.95   data arrival time
-----------------------------------------------------------------------------
                                  2.85   slack (MET)




===========================================================================
report_checks --slack_max -0.01
============================================================================
======================= Fastest Corner ===================================

No paths found.

======================= Slowest Corner ===================================

Startpoint: _24236_ (rising edge-triggered flip-flop clocked by clk)
Endpoint: _24272_ (rising edge-triggered flip-flop clocked by clk)
Path Group: clk
Path Type: max
Corner: Slowest

Fanout     Cap    Slew   Delay    Time   Description
-----------------------------------------------------------------------------
                          0.00    0.00   clock clk (rise edge)
                          0.00    0.00   clock source latency
                  0.61    0.45    0.45 ^ clk (in)
     2    0.09                           clk (net)
                  0.61    0.00    0.45 ^ clkbuf_0_clk/A (sky130_fd_sc_hd__clkbuf_16)
                  0.22    0.61    1.06 ^ clkbuf_0_clk/X (sky130_fd_sc_hd__clkbuf_16)
     4    0.13                           clknet_0_clk (net)
                  0.22    0.00    1.06 ^ clkbuf_2_0_0_clk/A (sky130_fd_sc_hd__clkbuf_8)
                  0.24    0.46    1.52 ^ clkbuf_2_0_0_clk/X (sky130_fd_sc_hd__clkbuf_8)
     4    0.09                           clknet_2_0_0_clk (net)
                  0.24    0.00    1.52 ^ clkbuf_4_3__f_clk/A (sky130_fd_sc_hd__clkbuf_16)
                  0.25    0.47    1.99 ^ clkbuf_4_3__f_clk/X (sky130_fd_sc_hd__clkbuf_16)
    11    0.15                           clknet_4_3__leaf_clk (net)
                  0.25    0.00    1.99 ^ clkbuf_leaf_113_clk/A (sky130_fd_sc_hd__clkbuf_16)
                  0.09    0.34    2.33 ^ clkbuf_leaf_113_clk/X (sky130_fd_sc_hd__clkbuf_16)
    12    0.03                           clknet_leaf_113_clk (net)
                  0.09    0.00    2.33 ^ _24236_/CLK (sky130_fd_sc_hd__dfxtp_4)
                  0.23    0.88    3.21 ^ _24236_/Q (sky130_fd_sc_hd__dfxtp_4)
    10    0.05                           top_inst.grid_inst.rows[3].cols[1].pe_inst.weight_reg[3] (net)
                  0.23    0.00    3.21 ^ _20215_/A (sky130_fd_sc_hd__buf_4)
                  0.21    0.40    3.61 ^ _20215_/X (sky130_fd_sc_hd__buf_4)
    10    0.04                           _02013_ (net)
                  0.21    0.00    3.61 ^ _20364_/C (sky130_fd_sc_hd__nand4_2)
                  0.24    0.33    3.94 v _20364_/Y (sky130_fd_sc_hd__nand4_2)
     3    0.01                           _02151_ (net)
                  0.24    0.00    3.94 v _20366_/A2 (sky130_fd_sc_hd__a21o_1)
                  0.09    0.44    4.38 v _20366_/X (sky130_fd_sc_hd__a21o_1)
     2    0.01                           _02153_ (net)
                  0.09    0.00    4.38 v _20369_/A2 (sky130_fd_sc_hd__a21o_1)
                  0.14    0.43    4.80 v _20369_/X (sky130_fd_sc_hd__a21o_1)
     3    0.01                           _02156_ (net)
                  0.14    0.00    4.80 v _20415_/A2 (sky130_fd_sc_hd__a21bo_1)
                  0.08    0.40    5.20 v _20415_/X (sky130_fd_sc_hd__a21bo_1)
     2    0.00                           _02201_ (net)
                  0.08    0.00    5.21 v _20416_/C (sky130_fd_sc_hd__and3_1)
                  0.17    0.49    5.70 v _20416_/X (sky130_fd_sc_hd__and3_1)
     5    0.02                           _02202_ (net)
                  0.17    0.00    5.70 v _20418_/B (sky130_fd_sc_hd__or3_1)
                  0.19    0.96    6.65 v _20418_/X (sky130_fd_sc_hd__or3_1)
     2    0.01                           _02204_ (net)
                  0.19    0.00    6.65 v _20421_/A1 (sky130_fd_sc_hd__a211o_1)
                  0.13    0.62    7.27 v _20421_/X (sky130_fd_sc_hd__a211o_1)
     2    0.01                           _02207_ (net)
                  0.13    0.00    7.27 v _20423_/A2 (sky130_fd_sc_hd__a211o_1)
                  0.14    0.65    7.93 v _20423_/X (sky130_fd_sc_hd__a211o_1)
     2    0.01                           _02209_ (net)
                  0.14    0.00    7.93 v _20425_/A2 (sky130_fd_sc_hd__a211o_1)
                  0.13    0.64    8.57 v _20425_/X (sky130_fd_sc_hd__a211o_1)
     3    0.01                           _02211_ (net)
                  0.13    0.00    8.57 v _20426_/C (sky130_fd_sc_hd__and3_1)
                  0.09    0.43    9.00 v _20426_/X (sky130_fd_sc_hd__and3_1)
     2    0.01                           _02212_ (net)
                  0.09    0.00    9.00 v _20430_/A (sky130_fd_sc_hd__or3b_1)
                  0.18    0.96    9.97 v _20430_/X (sky130_fd_sc_hd__or3b_1)
     2    0.01                           _02216_ (net)
                  0.18    0.00    9.97 v _20435_/C1 (sky130_fd_sc_hd__o221a_1)
                  0.15    0.34   10.31 v _20435_/X (sky130_fd_sc_hd__o221a_1)
     2    0.01                           _02220_ (net)
                  0.15    0.00   10.31 v _20607_/A2 (sky130_fd_sc_hd__o41a_1)
                  0.22    0.98   11.29 v _20607_/X (sky130_fd_sc_hd__o41a_1)
     2    0.01                           _02388_ (net)
                  0.22    0.00   11.29 v _20761_/A2 (sky130_fd_sc_hd__a21oi_2)
                  0.20    0.34   11.63 ^ _20761_/Y (sky130_fd_sc_hd__a21oi_2)
     2    0.01                           _02538_ (net)
                  0.20    0.00   11.63 ^ _20943_/A1 (sky130_fd_sc_hd__o311a_1)
                  0.22    0.54   12.17 ^ _20943_/X (sky130_fd_sc_hd__o311a_1)
     2    0.01                           _02712_ (net)
                  0.22    0.00   12.17 ^ _21042_/A2 (sky130_fd_sc_hd__o31ai_2)
                  0.12    0.21   12.39 v _21042_/Y (sky130_fd_sc_hd__o31ai_2)
     2    0.01                           _02807_ (net)
                  0.12    0.00   12.39 v _21062_/A1 (sky130_fd_sc_hd__a21oi_2)
                  0.45    0.48   12.87 ^ _21062_/Y (sky130_fd_sc_hd__a21oi_2)
     4    0.02                           _02827_ (net)
                  0.45    0.00   12.87 ^ _21086_/A (sky130_fd_sc_hd__nor2_1)
                  0.13    0.26   13.14 v _21086_/Y (sky130_fd_sc_hd__nor2_1)
     1    0.01                           _02849_ (net)
                  0.13    0.00   13.14 v _21087_/B1 (sky130_fd_sc_hd__o21a_1)
                  0.12    0.28   13.41 v _21087_/X (sky130_fd_sc_hd__o21a_1)
     2    0.01                           _02850_ (net)
                  0.12    0.00   13.41 v _21098_/A (sky130_fd_sc_hd__xnor2_1)
                  0.10    0.26   13.67 v _21098_/Y (sky130_fd_sc_hd__xnor2_1)
     1    0.00                           _02860_ (net)
                  0.10    0.00   13.67 v _21100_/A2 (sky130_fd_sc_hd__a211oi_1)
                  0.30    0.41   14.08 ^ _21100_/Y (sky130_fd_sc_hd__a211oi_1)
     1    0.00                           _00805_ (net)
                  0.30    0.00   14.08 ^ _24272_/D (sky130_fd_sc_hd__dfxtp_1)
                                 14.08   data arrival time

                         10.00   10.00   clock clk (rise edge)
                          0.00   10.00   clock source latency
                  0.61    0.41   10.41 ^ clk (in)
     2    0.09                           clk (net)
                  0.61    0.00   10.41 ^ clkbuf_0_clk/A (sky130_fd_sc_hd__clkbuf_16)
                  0.22    0.55   10.96 ^ clkbuf_0_clk/X (sky130_fd_sc_hd__clkbuf_16)
     4    0.13                           clknet_0_clk (net)
                  0.22    0.00   10.96 ^ clkbuf_2_2_0_clk/A (sky130_fd_sc_hd__clkbuf_8)
                  0.21    0.39   11.35 ^ clkbuf_2_2_0_clk/X (sky130_fd_sc_hd__clkbuf_8)
     4    0.07                           clknet_2_2_0_clk (net)
                  0.21    0.00   11.35 ^ clkbuf_4_8__f_clk/A (sky130_fd_sc_hd__clkbuf_16)
                  0.19    0.37   11.72 ^ clkbuf_4_8__f_clk/X (sky130_fd_sc_hd__clkbuf_16)
     8    0.11                           clknet_4_8__leaf_clk (net)
                  0.19    0.00   11.72 ^ clkbuf_leaf_97_clk/A (sky130_fd_sc_hd__clkbuf_16)
                  0.07    0.26   11.98 ^ clkbuf_leaf_97_clk/X (sky130_fd_sc_hd__clkbuf_16)
     6    0.02                           clknet_leaf_97_clk (net)
                  0.07    0.00   11.98 ^ _24272_/CLK (sky130_fd_sc_hd__dfxtp_1)
                         -0.25   11.73   clock uncertainty
                          0.10   11.83   clock reconvergence pessimism
                         -0.19   11.65   library setup time
                                 11.65   data required time
-----------------------------------------------------------------------------
                                 11.65   data required time
                                -14.08   data arrival time
-----------------------------------------------------------------------------
                                 -2.44   slack (VIOLATED)



======================= Typical Corner ===================================

No paths found.


===========================================================================
 report_check_types -max_slew -max_cap -max_fanout -violators
============================================================================
======================= Fastest Corner ===================================

max fanout

Pin                                   Limit Fanout  Slack
---------------------------------------------------------
clkbuf_leaf_100_clk/X                    10     20    -10 (VIOLATED)
_12448_/X                                10     18     -8 (VIOLATED)
clkbuf_leaf_102_clk/X                    10     18     -8 (VIOLATED)
clkbuf_leaf_125_clk/X                    10     18     -8 (VIOLATED)
clkbuf_leaf_137_clk/X                    10     18     -8 (VIOLATED)
clkbuf_leaf_38_clk/X                     10     18     -8 (VIOLATED)
clkbuf_leaf_103_clk/X                    10     17     -7 (VIOLATED)
clkbuf_leaf_135_clk/X                    10     17     -7 (VIOLATED)
clkbuf_leaf_128_clk/X                    10     16     -6 (VIOLATED)
clkbuf_leaf_132_clk/X                    10     16     -6 (VIOLATED)
_12494_/X                                10     15     -5 (VIOLATED)
clkbuf_leaf_116_clk/X                    10     15     -5 (VIOLATED)
clkbuf_leaf_140_clk/X                    10     15     -5 (VIOLATED)
clkbuf_leaf_138_clk/X                    10     14     -4 (VIOLATED)
clkbuf_leaf_139_clk/X                    10     14     -4 (VIOLATED)
clkbuf_leaf_55_clk/X                     10     14     -4 (VIOLATED)
_20937_/X                                10     13     -3 (VIOLATED)
clkbuf_4_0__f_clk/X                      10     13     -3 (VIOLATED)
clkbuf_4_2__f_clk/X                      10     13     -3 (VIOLATED)
clkbuf_leaf_118_clk/X                    10     13     -3 (VIOLATED)
clkbuf_leaf_120_clk/X                    10     13     -3 (VIOLATED)
clkbuf_leaf_21_clk/X                     10     13     -3 (VIOLATED)
clkbuf_leaf_23_clk/X                     10     13     -3 (VIOLATED)
clkbuf_leaf_39_clk/X                     10     13     -3 (VIOLATED)
clkbuf_leaf_54_clk/X                     10     13     -3 (VIOLATED)
clkbuf_leaf_57_clk/X                     10     13     -3 (VIOLATED)
clkbuf_leaf_63_clk/X                     10     13     -3 (VIOLATED)
clkbuf_leaf_87_clk/X                     10     13     -3 (VIOLATED)
clkbuf_leaf_113_clk/X                    10     12     -2 (VIOLATED)
clkbuf_leaf_117_clk/X                    10     12     -2 (VIOLATED)
clkbuf_leaf_122_clk/X                    10     12     -2 (VIOLATED)
clkbuf_leaf_127_clk/X                    10     12     -2 (VIOLATED)
clkbuf_leaf_24_clk/X                     10     12     -2 (VIOLATED)
clkbuf_leaf_47_clk/X                     10     12     -2 (VIOLATED)
clkbuf_leaf_64_clk/X                     10     12     -2 (VIOLATED)
clkbuf_leaf_77_clk/X                     10     12     -2 (VIOLATED)
clkbuf_leaf_81_clk/X                     10     12     -2 (VIOLATED)
clkbuf_leaf_93_clk/X                     10     12     -2 (VIOLATED)
_12052_/X                                10     11        (VIOLATED)
_12443_/X                                10     11        (VIOLATED)
_12507_/X                                10     11        (VIOLATED)
_13406_/X                                10     11        (VIOLATED)
_15167_/X                                10     11        (VIOLATED)
_15647_/X                                10     11        (VIOLATED)
_18365_/X                                10     11        (VIOLATED)
_21111_/X                                10     11        (VIOLATED)
_24562_/Q                                10     11        (VIOLATED)
clkbuf_4_3__f_clk/X                      10     11        (VIOLATED)
clkbuf_4_5__f_clk/X                      10     11        (VIOLATED)
clkbuf_leaf_105_clk/X                    10     11        (VIOLATED)
clkbuf_leaf_108_clk/X                    10     11        (VIOLATED)
clkbuf_leaf_110_clk/X                    10     11        (VIOLATED)
clkbuf_leaf_121_clk/X                    10     11        (VIOLATED)
clkbuf_leaf_126_clk/X                    10     11        (VIOLATED)
clkbuf_leaf_16_clk/X                     10     11        (VIOLATED)
clkbuf_leaf_22_clk/X                     10     11        (VIOLATED)
clkbuf_leaf_37_clk/X                     10     11        (VIOLATED)
clkbuf_leaf_9_clk/X                      10     11        (VIOLATED)


======================= Slowest Corner ===================================

max slew

Pin                                    Limit    Slew   Slack
------------------------------------------------------------
_14525_/Y                               0.75    0.87   -0.12 (VIOLATED)
_14526_/D                               0.75    0.87   -0.12 (VIOLATED)
_14527_/B2                              0.75    0.87   -0.12 (VIOLATED)

max fanout

Pin                                   Limit Fanout  Slack
---------------------------------------------------------
clkbuf_leaf_100_clk/X                    10     20    -10 (VIOLATED)
_12448_/X                                10     18     -8 (VIOLATED)
clkbuf_leaf_102_clk/X                    10     18     -8 (VIOLATED)
clkbuf_leaf_125_clk/X                    10     18     -8 (VIOLATED)
clkbuf_leaf_137_clk/X                    10     18     -8 (VIOLATED)
clkbuf_leaf_38_clk/X                     10     18     -8 (VIOLATED)
clkbuf_leaf_103_clk/X                    10     17     -7 (VIOLATED)
clkbuf_leaf_135_clk/X                    10     17     -7 (VIOLATED)
clkbuf_leaf_128_clk/X                    10     16     -6 (VIOLATED)
clkbuf_leaf_132_clk/X                    10     16     -6 (VIOLATED)
_12494_/X                                10     15     -5 (VIOLATED)
clkbuf_leaf_116_clk/X                    10     15     -5 (VIOLATED)
clkbuf_leaf_140_clk/X                    10     15     -5 (VIOLATED)
clkbuf_leaf_138_clk/X                    10     14     -4 (VIOLATED)
clkbuf_leaf_139_clk/X                    10     14     -4 (VIOLATED)
clkbuf_leaf_55_clk/X                     10     14     -4 (VIOLATED)
_20937_/X                                10     13     -3 (VIOLATED)
clkbuf_4_0__f_clk/X                      10     13     -3 (VIOLATED)
clkbuf_4_2__f_clk/X                      10     13     -3 (VIOLATED)
clkbuf_leaf_118_clk/X                    10     13     -3 (VIOLATED)
clkbuf_leaf_120_clk/X                    10     13     -3 (VIOLATED)
clkbuf_leaf_21_clk/X                     10     13     -3 (VIOLATED)
clkbuf_leaf_23_clk/X                     10     13     -3 (VIOLATED)
clkbuf_leaf_39_clk/X                     10     13     -3 (VIOLATED)
clkbuf_leaf_54_clk/X                     10     13     -3 (VIOLATED)
clkbuf_leaf_57_clk/X                     10     13     -3 (VIOLATED)
clkbuf_leaf_63_clk/X                     10     13     -3 (VIOLATED)
clkbuf_leaf_87_clk/X                     10     13     -3 (VIOLATED)
clkbuf_leaf_113_clk/X                    10     12     -2 (VIOLATED)
clkbuf_leaf_117_clk/X                    10     12     -2 (VIOLATED)
clkbuf_leaf_122_clk/X                    10     12     -2 (VIOLATED)
clkbuf_leaf_127_clk/X                    10     12     -2 (VIOLATED)
clkbuf_leaf_24_clk/X                     10     12     -2 (VIOLATED)
clkbuf_leaf_47_clk/X                     10     12     -2 (VIOLATED)
clkbuf_leaf_64_clk/X                     10     12     -2 (VIOLATED)
clkbuf_leaf_77_clk/X                     10     12     -2 (VIOLATED)
clkbuf_leaf_81_clk/X                     10     12     -2 (VIOLATED)
clkbuf_leaf_93_clk/X                     10     12     -2 (VIOLATED)
_12052_/X                                10     11        (VIOLATED)
_12443_/X                                10     11        (VIOLATED)
_12507_/X                                10     11        (VIOLATED)
_13406_/X                                10     11        (VIOLATED)
_15167_/X                                10     11        (VIOLATED)
_15647_/X                                10     11        (VIOLATED)
_18365_/X                                10     11        (VIOLATED)
_21111_/X                                10     11        (VIOLATED)
_24562_/Q                                10     11        (VIOLATED)
clkbuf_4_3__f_clk/X                      10     11        (VIOLATED)
clkbuf_4_5__f_clk/X                      10     11        (VIOLATED)
clkbuf_leaf_105_clk/X                    10     11        (VIOLATED)
clkbuf_leaf_108_clk/X                    10     11        (VIOLATED)
clkbuf_leaf_110_clk/X                    10     11        (VIOLATED)
clkbuf_leaf_121_clk/X                    10     11        (VIOLATED)
clkbuf_leaf_126_clk/X                    10     11        (VIOLATED)
clkbuf_leaf_16_clk/X                     10     11        (VIOLATED)
clkbuf_leaf_22_clk/X                     10     11        (VIOLATED)
clkbuf_leaf_37_clk/X                     10     11        (VIOLATED)
clkbuf_leaf_9_clk/X                      10     11        (VIOLATED)


======================= Typical Corner ===================================

max fanout

Pin                                   Limit Fanout  Slack
---------------------------------------------------------
clkbuf_leaf_100_clk/X                    10     20    -10 (VIOLATED)
_12448_/X                                10     18     -8 (VIOLATED)
clkbuf_leaf_102_clk/X                    10     18     -8 (VIOLATED)
clkbuf_leaf_125_clk/X                    10     18     -8 (VIOLATED)
clkbuf_leaf_137_clk/X                    10     18     -8 (VIOLATED)
clkbuf_leaf_38_clk/X                     10     18     -8 (VIOLATED)
clkbuf_leaf_103_clk/X                    10     17     -7 (VIOLATED)
clkbuf_leaf_135_clk/X                    10     17     -7 (VIOLATED)
clkbuf_leaf_128_clk/X                    10     16     -6 (VIOLATED)
clkbuf_leaf_132_clk/X                    10     16     -6 (VIOLATED)
_12494_/X                                10     15     -5 (VIOLATED)
clkbuf_leaf_116_clk/X                    10     15     -5 (VIOLATED)
clkbuf_leaf_140_clk/X                    10     15     -5 (VIOLATED)
clkbuf_leaf_138_clk/X                    10     14     -4 (VIOLATED)
clkbuf_leaf_139_clk/X                    10     14     -4 (VIOLATED)
clkbuf_leaf_55_clk/X                     10     14     -4 (VIOLATED)
_20937_/X                                10     13     -3 (VIOLATED)
clkbuf_4_0__f_clk/X                      10     13     -3 (VIOLATED)
clkbuf_4_2__f_clk/X                      10     13     -3 (VIOLATED)
clkbuf_leaf_118_clk/X                    10     13     -3 (VIOLATED)
clkbuf_leaf_120_clk/X                    10     13     -3 (VIOLATED)
clkbuf_leaf_21_clk/X                     10     13     -3 (VIOLATED)
clkbuf_leaf_23_clk/X                     10     13     -3 (VIOLATED)
clkbuf_leaf_39_clk/X                     10     13     -3 (VIOLATED)
clkbuf_leaf_54_clk/X                     10     13     -3 (VIOLATED)
clkbuf_leaf_57_clk/X                     10     13     -3 (VIOLATED)
clkbuf_leaf_63_clk/X                     10     13     -3 (VIOLATED)
clkbuf_leaf_87_clk/X                     10     13     -3 (VIOLATED)
clkbuf_leaf_113_clk/X                    10     12     -2 (VIOLATED)
clkbuf_leaf_117_clk/X                    10     12     -2 (VIOLATED)
clkbuf_leaf_122_clk/X                    10     12     -2 (VIOLATED)
clkbuf_leaf_127_clk/X                    10     12     -2 (VIOLATED)
clkbuf_leaf_24_clk/X                     10     12     -2 (VIOLATED)
clkbuf_leaf_47_clk/X                     10     12     -2 (VIOLATED)
clkbuf_leaf_64_clk/X                     10     12     -2 (VIOLATED)
clkbuf_leaf_77_clk/X                     10     12     -2 (VIOLATED)
clkbuf_leaf_81_clk/X                     10     12     -2 (VIOLATED)
clkbuf_leaf_93_clk/X                     10     12     -2 (VIOLATED)
_12052_/X                                10     11        (VIOLATED)
_12443_/X                                10     11        (VIOLATED)
_12507_/X                                10     11        (VIOLATED)
_13406_/X                                10     11        (VIOLATED)
_15167_/X                                10     11        (VIOLATED)
_15647_/X                                10     11        (VIOLATED)
_18365_/X                                10     11        (VIOLATED)
_21111_/X                                10     11        (VIOLATED)
_24562_/Q                                10     11        (VIOLATED)
clkbuf_4_3__f_clk/X                      10     11        (VIOLATED)
clkbuf_4_5__f_clk/X                      10     11        (VIOLATED)
clkbuf_leaf_105_clk/X                    10     11        (VIOLATED)
clkbuf_leaf_108_clk/X                    10     11        (VIOLATED)
clkbuf_leaf_110_clk/X                    10     11        (VIOLATED)
clkbuf_leaf_121_clk/X                    10     11        (VIOLATED)
clkbuf_leaf_126_clk/X                    10     11        (VIOLATED)
clkbuf_leaf_16_clk/X                     10     11        (VIOLATED)
clkbuf_leaf_22_clk/X                     10     11        (VIOLATED)
clkbuf_leaf_37_clk/X                     10     11        (VIOLATED)
clkbuf_leaf_9_clk/X                      10     11        (VIOLATED)



===========================================================================
report_parasitic_annotation -report_unannotated
============================================================================
Found 0 unannotated drivers.
Found 0 partially unannotated drivers.

===========================================================================
max slew violation count 3
max fanout violation count 58
max cap violation count 0
============================================================================

===========================================================================
check_setup -verbose -unconstrained_endpoints -multiple_clock -no_clock -no_input_delay -loops -generated_clocks
===========================================================================
