
===========================================================================
report_checks -unconstrained
===========================================================================
======================= Typical Corner ===================================

Startpoint: load_weight (input port clocked by clk)
Endpoint: _24054_ (rising edge-triggered flip-flop clocked by clk)
Path Group: clk
Path Type: max

Fanout     Cap    Slew   Delay    Time   Description
-----------------------------------------------------------------------------
                          0.00    0.00   clock clk (rise edge)
                          0.00    0.00   clock network delay (propagated)
                          2.00    2.00 ^ input external delay
                  0.05    0.04    2.04 ^ load_weight (in)
     1    0.01                           load_weight (net)
                  0.05    0.00    2.04 ^ input34/A (sky130_fd_sc_hd__buf_12)
                  0.06    0.12    2.16 ^ input34/X (sky130_fd_sc_hd__buf_12)
     4    0.04                           net34 (net)
                  0.06    0.01    2.17 ^ _12438_/A (sky130_fd_sc_hd__buf_8)
                  0.06    0.12    2.29 ^ _12438_/X (sky130_fd_sc_hd__buf_8)
     6    0.03                           _05265_ (net)
                  0.06    0.00    2.29 ^ rebuffer4/A (sky130_fd_sc_hd__clkbuf_2)
                  0.09    0.15    2.44 ^ rebuffer4/X (sky130_fd_sc_hd__clkbuf_2)
     2    0.02                           net186 (net)
                  0.09    0.00    2.44 ^ _12439_/A (sky130_fd_sc_hd__buf_6)
                  0.05    0.13    2.57 ^ _12439_/X (sky130_fd_sc_hd__buf_6)
     3    0.02                           _05266_ (net)
                  0.05    0.00    2.57 ^ _16647_/S (sky130_fd_sc_hd__mux2_4)
                  0.09    0.36    2.94 v _16647_/X (sky130_fd_sc_hd__mux2_4)
     6    0.03                           _09214_ (net)
                  0.09    0.00    2.94 v rebuffer21/A (sky130_fd_sc_hd__buf_6)
                  0.03    0.15    3.09 v rebuffer21/X (sky130_fd_sc_hd__buf_6)
     4    0.02                           net203 (net)
                  0.03    0.00    3.09 v _16952_/A2 (sky130_fd_sc_hd__a22o_1)
                  0.06    0.25    3.34 v _16952_/X (sky130_fd_sc_hd__a22o_1)
     2    0.01                           _09507_ (net)
                  0.06    0.00    3.34 v _16953_/B1_N (sky130_fd_sc_hd__a21bo_1)
                  0.10    0.23    3.57 ^ _16953_/X (sky130_fd_sc_hd__a21bo_1)
     1    0.01                           _09508_ (net)
                  0.10    0.00    3.57 ^ _16954_/B (sky130_fd_sc_hd__xor2_2)
                  0.16    0.19    3.76 ^ _16954_/X (sky130_fd_sc_hd__xor2_2)
     3    0.01                           _09509_ (net)
                  0.16    0.00    3.76 ^ _16964_/B1 (sky130_fd_sc_hd__a21o_1)
                  0.07    0.13    3.90 ^ _16964_/X (sky130_fd_sc_hd__a21o_1)
     2    0.01                           _09519_ (net)
                  0.07    0.00    3.90 ^ rebuffer19/A (sky130_fd_sc_hd__clkbuf_1)
                  0.12    0.15    4.04 ^ rebuffer19/X (sky130_fd_sc_hd__clkbuf_1)
     1    0.01                           net201 (net)
                  0.12    0.00    4.04 ^ _16966_/B (sky130_fd_sc_hd__nand3_4)
                  0.09    0.12    4.16 v _16966_/Y (sky130_fd_sc_hd__nand3_4)
     5    0.02                           _09521_ (net)
                  0.09    0.00    4.16 v _16968_/B (sky130_fd_sc_hd__and3_1)
                  0.06    0.21    4.37 v _16968_/X (sky130_fd_sc_hd__and3_1)
     2    0.01                           _09523_ (net)
                  0.06    0.00    4.37 v _16970_/B1 (sky130_fd_sc_hd__a211o_1)
                  0.07    0.31    4.69 v _16970_/X (sky130_fd_sc_hd__a211o_1)
     3    0.01                           _09525_ (net)
                  0.07    0.00    4.69 v _16972_/B (sky130_fd_sc_hd__and3_1)
                  0.06    0.20    4.89 v _16972_/X (sky130_fd_sc_hd__and3_1)
     2    0.01                           _09527_ (net)
                  0.06    0.00    4.89 v _16975_/A1 (sky130_fd_sc_hd__o211a_1)
                  0.04    0.24    5.13 v _16975_/X (sky130_fd_sc_hd__o211a_1)
     1    0.00                           _09530_ (net)
                  0.04    0.00    5.13 v _16976_/B (sky130_fd_sc_hd__or2_4)
                  0.05    0.25    5.37 v _16976_/X (sky130_fd_sc_hd__or2_4)
     2    0.01                           _09531_ (net)
                  0.05    0.00    5.37 v _16977_/B (sky130_fd_sc_hd__xnor2_2)
                  0.07    0.16    5.53 v _16977_/Y (sky130_fd_sc_hd__xnor2_2)
     4    0.01                           _09532_ (net)
                  0.07    0.00    5.53 v _17027_/C (sky130_fd_sc_hd__or4b_4)
                  0.09    0.52    6.05 v _17027_/X (sky130_fd_sc_hd__or4b_4)
     1    0.01                           _09580_ (net)
                  0.09    0.00    6.05 v _17030_/B1 (sky130_fd_sc_hd__o221a_4)
                  0.07    0.30    6.35 v _17030_/X (sky130_fd_sc_hd__o221a_4)
     4    0.03                           _09583_ (net)
                  0.07    0.00    6.36 v _17172_/A1 (sky130_fd_sc_hd__o311a_4)
                  0.09    0.45    6.81 v _17172_/X (sky130_fd_sc_hd__o311a_4)
     5    0.03                           _09721_ (net)
                  0.09    0.00    6.81 v _17351_/A1 (sky130_fd_sc_hd__o31ai_4)
                  0.28    0.36    7.16 ^ _17351_/Y (sky130_fd_sc_hd__o31ai_4)
     4    0.02                           _09892_ (net)
                  0.28    0.00    7.17 ^ _17453_/A1 (sky130_fd_sc_hd__a21oi_2)
                  0.09    0.12    7.29 v _17453_/Y (sky130_fd_sc_hd__a21oi_2)
     3    0.01                           _09990_ (net)
                  0.09    0.00    7.29 v _17474_/A (sky130_fd_sc_hd__and4_1)
                  0.06    0.19    7.48 v _17474_/X (sky130_fd_sc_hd__and4_1)
     2    0.01                           _10010_ (net)
                  0.06    0.00    7.48 v _17477_/A1 (sky130_fd_sc_hd__mux2_2)
                  0.05    0.28    7.77 v _17477_/X (sky130_fd_sc_hd__mux2_2)
     1    0.00                           _10012_ (net)
                  0.05    0.00    7.77 v _17478_/B (sky130_fd_sc_hd__and2_4)
                  0.03    0.16    7.93 v _17478_/X (sky130_fd_sc_hd__and2_4)
     1    0.00                           _10013_ (net)
                  0.03    0.00    7.93 v _17479_/A (sky130_fd_sc_hd__clkbuf_1)
                  0.03    0.09    8.02 v _17479_/X (sky130_fd_sc_hd__clkbuf_1)
     1    0.00                           _00587_ (net)
                  0.03    0.00    8.02 v _24054_/D (sky130_fd_sc_hd__dfxtp_1)
                                  8.02   data arrival time

                         10.00   10.00   clock clk (rise edge)
                          0.00   10.00   clock source latency
                  0.42    0.28   10.28 ^ clk (in)
     2    0.09                           clk (net)
                  0.42    0.00   10.28 ^ clkbuf_0_clk/A (sky130_fd_sc_hd__clkbuf_16)
                  0.16    0.30   10.58 ^ clkbuf_0_clk/X (sky130_fd_sc_hd__clkbuf_16)
     4    0.14                           clknet_0_clk (net)
                  0.16    0.00   10.58 ^ clkbuf_2_1_0_clk/A (sky130_fd_sc_hd__clkbuf_8)
                  0.15    0.23   10.81 ^ clkbuf_2_1_0_clk/X (sky130_fd_sc_hd__clkbuf_8)
     4    0.08                           clknet_2_1_0_clk (net)
                  0.15    0.00   10.82 ^ clkbuf_4_7__f_clk/A (sky130_fd_sc_hd__clkbuf_16)
                  0.14    0.23   11.04 ^ clkbuf_4_7__f_clk/X (sky130_fd_sc_hd__clkbuf_16)
    10    0.13                           clknet_4_7__leaf_clk (net)
                  0.14    0.01   11.05 ^ clkbuf_leaf_34_clk/A (sky130_fd_sc_hd__clkbuf_16)
                  0.05    0.16   11.21 ^ clkbuf_leaf_34_clk/X (sky130_fd_sc_hd__clkbuf_16)
     9    0.03                           clknet_leaf_34_clk (net)
                  0.05    0.00   11.21 ^ _24054_/CLK (sky130_fd_sc_hd__dfxtp_1)
                         -0.25   10.96   clock uncertainty
                          0.00   10.96   clock reconvergence pessimism
                         -0.10   10.85   library setup time
                                 10.85   data required time
-----------------------------------------------------------------------------
                                 10.85   data required time
                                 -8.02   data arrival time
-----------------------------------------------------------------------------
                                  2.84   slack (MET)




===========================================================================
report_checks --slack_max -0.01
============================================================================
======================= Typical Corner ===================================

No paths found.


===========================================================================
 report_check_types -max_slew -max_cap -max_fanout -violators
============================================================================
======================= Typical Corner ===================================

max fanout

Pin                                   Limit Fanout  Slack
---------------------------------------------------------
clkbuf_leaf_100_clk/X                    10     20    -10 (VIOLATED)
_12448_/X                                10     18     -8 (VIOLATED)
clkbuf_leaf_102_clk/X                    10     18     -8 (VIOLATED)
clkbuf_leaf_125_clk/X                    10     18     -8 (VIOLATED)
clkbuf_leaf_137_clk/X                    10     18     -8 (VIOLATED)
clkbuf_leaf_38_clk/X                     10     18     -8 (VIOLATED)
clkbuf_leaf_103_clk/X                    10     17     -7 (VIOLATED)
clkbuf_leaf_135_clk/X                    10     17     -7 (VIOLATED)
clkbuf_leaf_128_clk/X                    10     16     -6 (VIOLATED)
clkbuf_leaf_132_clk/X                    10     16     -6 (VIOLATED)
_12494_/X                                10     15     -5 (VIOLATED)
clkbuf_leaf_116_clk/X                    10     15     -5 (VIOLATED)
clkbuf_leaf_140_clk/X                    10     15     -5 (VIOLATED)
clkbuf_leaf_138_clk/X                    10     14     -4 (VIOLATED)
clkbuf_leaf_139_clk/X                    10     14     -4 (VIOLATED)
clkbuf_leaf_55_clk/X                     10     14     -4 (VIOLATED)
_20937_/X                                10     13     -3 (VIOLATED)
clkbuf_4_0__f_clk/X                      10     13     -3 (VIOLATED)
clkbuf_4_2__f_clk/X                      10     13     -3 (VIOLATED)
clkbuf_leaf_118_clk/X                    10     13     -3 (VIOLATED)
clkbuf_leaf_120_clk/X                    10     13     -3 (VIOLATED)
clkbuf_leaf_21_clk/X                     10     13     -3 (VIOLATED)
clkbuf_leaf_23_clk/X                     10     13     -3 (VIOLATED)
clkbuf_leaf_39_clk/X                     10     13     -3 (VIOLATED)
clkbuf_leaf_54_clk/X                     10     13     -3 (VIOLATED)
clkbuf_leaf_57_clk/X                     10     13     -3 (VIOLATED)
clkbuf_leaf_63_clk/X                     10     13     -3 (VIOLATED)
clkbuf_leaf_87_clk/X                     10     13     -3 (VIOLATED)
clkbuf_leaf_113_clk/X                    10     12     -2 (VIOLATED)
clkbuf_leaf_117_clk/X                    10     12     -2 (VIOLATED)
clkbuf_leaf_122_clk/X                    10     12     -2 (VIOLATED)
clkbuf_leaf_127_clk/X                    10     12     -2 (VIOLATED)
clkbuf_leaf_24_clk/X                     10     12     -2 (VIOLATED)
clkbuf_leaf_47_clk/X                     10     12     -2 (VIOLATED)
clkbuf_leaf_64_clk/X                     10     12     -2 (VIOLATED)
clkbuf_leaf_77_clk/X                     10     12     -2 (VIOLATED)
clkbuf_leaf_81_clk/X                     10     12     -2 (VIOLATED)
clkbuf_leaf_93_clk/X                     10     12     -2 (VIOLATED)
_12052_/X                                10     11        (VIOLATED)
_12443_/X                                10     11        (VIOLATED)
_12507_/X                                10     11        (VIOLATED)
_13406_/X                                10     11        (VIOLATED)
_15167_/X                                10     11        (VIOLATED)
_15647_/X                                10     11        (VIOLATED)
_18365_/X                                10     11        (VIOLATED)
_21111_/X                                10     11        (VIOLATED)
_24562_/Q                                10     11        (VIOLATED)
clkbuf_4_3__f_clk/X                      10     11        (VIOLATED)
clkbuf_4_5__f_clk/X                      10     11        (VIOLATED)
clkbuf_leaf_105_clk/X                    10     11        (VIOLATED)
clkbuf_leaf_108_clk/X                    10     11        (VIOLATED)
clkbuf_leaf_110_clk/X                    10     11        (VIOLATED)
clkbuf_leaf_121_clk/X                    10     11        (VIOLATED)
clkbuf_leaf_126_clk/X                    10     11        (VIOLATED)
clkbuf_leaf_16_clk/X                     10     11        (VIOLATED)
clkbuf_leaf_22_clk/X                     10     11        (VIOLATED)
clkbuf_leaf_37_clk/X                     10     11        (VIOLATED)
clkbuf_leaf_9_clk/X                      10     11        (VIOLATED)



===========================================================================
report_parasitic_annotation -report_unannotated
============================================================================
Found 0 unannotated drivers.
Found 0 partially unannotated drivers.

===========================================================================
max slew violation count 0
max fanout violation count 58
max cap violation count 0
============================================================================

===========================================================================
check_setup -verbose -unconstrained_endpoints -multiple_clock -no_clock -no_input_delay -loops -generated_clocks
===========================================================================
