Partial/Required:  4.22, Required:    400.0, Partial:  1688.33, Net: net92, Pin: _23196_/A, Layer: met1
Partial/Required:  3.63, Required:    400.0, Partial:   1452.0, Net: net153, Pin: _23323_/A, Layer: met1
Partial/Required:  2.95, Required:    400.0, Partial:  1179.87, Net: net105, Pin: output105/A, Layer: met1
Partial/Required:  2.67, Required:    400.0, Partial:  1067.75, Net: net37, Pin: output37/A, Layer: met1
Partial/Required:  2.47, Required:    400.0, Partial:   986.57, Net: net154, Pin: output154/A, Layer: met1
Partial/Required:  2.27, Required:    400.0, Partial:   907.96, Net: net73, Pin: output73/A, Layer: met1
Partial/Required:  2.25, Required:    400.0, Partial:    900.4, Net: net153, Pin: output153/A, Layer: met1
Partial/Required:  2.21, Required:    400.0, Partial:   885.61, Net: net99, Pin: output99/A, Layer: met1
Partial/Required:  2.05, Required:    400.0, Partial:   819.35, Net: net129, Pin: output129/A, Layer: met2
Partial/Required:  1.84, Required:    400.0, Partial:   736.15, Net: net142, Pin: output142/A, Layer: met1
Partial/Required:  1.68, Required:    400.0, Partial:   673.58, Net: net111, Pin: output111/A, Layer: met1
Partial/Required:  1.68, Required:    400.0, Partial:   672.67, Net: net112, Pin: _23237_/A, Layer: met1
Partial/Required:  1.57, Required:    400.0, Partial:   626.67, Net: top_inst.grid_inst.rows\[1\].cols\[0\].pe_inst.sum_output\[15\], Pin: hold906/A, Layer: met1
Partial/Required:  1.54, Required:    400.0, Partial:   616.85, Net: net87, Pin: output87/A, Layer: met1
Partial/Required:  1.53, Required:    400.0, Partial:   612.19, Net: net138, Pin: output138/A, Layer: met1
Partial/Required:  1.46, Required:    400.0, Partial:   583.99, Net: net86, Pin: output86/A, Layer: met1
Partial/Required:  1.46, Required:    400.0, Partial:    583.6, Net: net125, Pin: output125/A, Layer: met1
Partial/Required:  1.26, Required:    400.0, Partial:   502.44, Net: top_inst.grid_inst.rows\[2\].cols\[2\].pe_inst.sum_output\[12\], Pin: _18540_/A, Layer: met1
Partial/Required:  1.25, Required:    400.0, Partial:   500.27, Net: _08181_, Pin: _16112_/B1, Layer: met2
Partial/Required:  1.23, Required:    400.0, Partial:   492.57, Net: net17, Pin: _23075_/A1, Layer: met1
Partial/Required:  1.23, Required:    400.0, Partial:   492.33, Net: net74, Pin: _23155_/A, Layer: met1
Partial/Required:  1.15, Required:    400.0, Partial:    459.7, Net: net127, Pin: output127/A, Layer: met1
Partial/Required:  1.09, Required:    400.0, Partial:   437.81, Net: net144, Pin: output144/A, Layer: met1
Partial/Required:  1.07, Required:    400.0, Partial:   429.89, Net: _05269_, Pin: _14391_/A, Layer: met1
Partial/Required:  1.06, Required:    400.0, Partial:   422.69, Net: net40, Pin: output40/A, Layer: met1
Partial/Required:  1.03, Required:    400.0, Partial:   412.11, Net: net149, Pin: output149/A, Layer: met1
Partial/Required:  1.02, Required:    400.0, Partial:   407.22, Net: net167, Pin: _18673_/B1, Layer: met1
Partial/Required:  1.01, Required:    400.0, Partial:   402.44, Net: _08197_, Pin: _16205_/A, Layer: met1
