
===========================================================================
 report_power
============================================================================
======================= Fastest Corner ===================================

Group                  Internal  Switching    Leakage      Total
                          Power      Power      Power      Power (Watts)
----------------------------------------------------------------
Sequential             6.15e-03   1.14e-03   1.86e-08   7.29e-03  31.7%
Combinational          7.64e-03   8.10e-03   1.45e-07   1.57e-02  68.3%
Macro                  0.00e+00   0.00e+00   0.00e+00   0.00e+00   0.0%
Pad                    0.00e+00   0.00e+00   0.00e+00   0.00e+00   0.0%
----------------------------------------------------------------
Total                  1.38e-02   9.24e-03   1.64e-07   2.30e-02 100.0%
                          59.9%      40.1%       0.0%

======================= Slowest Corner ===================================

Group                  Internal  Switching    Leakage      Total
                          Power      Power      Power      Power (Watts)
----------------------------------------------------------------
Sequential             4.15e-03   7.56e-04   1.76e-05   4.92e-03  31.2%
Combinational          5.48e-03   5.33e-03   6.25e-05   1.09e-02  68.8%
Macro                  0.00e+00   0.00e+00   0.00e+00   0.00e+00   0.0%
Pad                    0.00e+00   0.00e+00   0.00e+00   0.00e+00   0.0%
----------------------------------------------------------------
Total                  9.63e-03   6.09e-03   8.01e-05   1.58e-02 100.0%
                          61.0%      38.5%       0.5%

======================= Typical Corner ===================================

Group                  Internal  Switching    Leakage      Total
                          Power      Power      Power      Power (Watts)
----------------------------------------------------------------
Sequential             5.31e-03   9.62e-04   9.97e-09   6.27e-03  31.6%
Combinational          6.75e-03   6.84e-03   8.62e-08   1.36e-02  68.4%
Macro                  0.00e+00   0.00e+00   0.00e+00   0.00e+00   0.0%
Pad                    0.00e+00   0.00e+00   0.00e+00   0.00e+00   0.0%
----------------------------------------------------------------
Total                  1.21e-02   7.80e-03   9.62e-08   1.99e-02 100.0%
                          60.7%      39.3%       0.0%

